// Vitest Snapshot v1

exports[`<ScrollIndicator /> > should match the snapshot 1`] = `
<div>
  <div
    class="_scroll-indicator_c19ed3 undefined"
    data-testid="scroll-indicator"
  >
    <button
      class="_button_2a1efe"
      data-testid="button-component"
    >
      <span
        class="_scroll-indicator__icon_c19ed3"
      >
        Â«
      </span>
    </button>
  </div>
</div>
`;
